// Jest Snapshot v1, https://goo.gl/fbAQLP

exports[`AccordionItemTitle renders correctly with min params 1`] = `
<div
  aria-controls="accordion__body-0"
  aria-expanded={false}
  className="accordion__title"
  disabled={false}
  id="accordion__title-0"
  onBlur={[Function]}
  onClick={[Function]}
  onKeyDown={[Function]}
  onKeyPress={[Function]}
  role="button"
  tabIndex="0"
>
  <div>
    Fake Title
  </div>
</div>
`;
